GAS LISTING /tmp/ccTb1vE8.s 			page 1


   1               		.file	"led_driver.c"
   2               	__SREG__ = 0x3f
   3               	__SP_H__ = 0x3e
   4               	__SP_L__ = 0x3d
   5               	__CCP__  = 0x34
   6               	__tmp_reg__ = 0
   7               	__zero_reg__ = 1
   8               		.global __do_copy_data
   9               		.global __do_clear_bss
  10               		.text
  11               	.global	LED_convert
  12               		.type	LED_convert, @function
  13               	LED_convert:
  14               	/* prologue: function */
  15               	/* frame size = 0 */
  16 0000 8823      		tst r24
  17 0002 01F0      		breq .L2
  18 0004 8130      		cpi r24,lo8(1)
  19 0006 01F0      		breq .L15
  20 0008 8230      		cpi r24,lo8(2)
  21 000a 01F0      		breq .L16
  22 000c 8330      		cpi r24,lo8(3)
  23 000e 01F0      		breq .L17
  24 0010 8430      		cpi r24,lo8(4)
  25 0012 01F0      		breq .L18
  26 0014 8530      		cpi r24,lo8(5)
  27 0016 01F0      		breq .L19
  28 0018 8630      		cpi r24,lo8(6)
  29 001a 01F0      		breq .L20
  30 001c 8730      		cpi r24,lo8(7)
  31 001e 01F0      		breq .L21
  32 0020 8830      		cpi r24,lo8(8)
  33 0022 01F0      		breq .L22
  34 0024 8930      		cpi r24,lo8(9)
  35 0026 01F0      		breq .L23
  36 0028 0895      		ret
  37               	.L2:
  38 002a 80EC      		ldi r24,lo8(-64)
  39 002c 0895      		ret
  40               	.L15:
  41 002e 89EF      		ldi r24,lo8(-7)
  42 0030 0895      		ret
  43               	.L18:
  44 0032 89E9      		ldi r24,lo8(-103)
  45 0034 0895      		ret
  46               	.L16:
  47 0036 84EA      		ldi r24,lo8(-92)
  48 0038 0895      		ret
  49               	.L17:
  50 003a 80EB      		ldi r24,lo8(-80)
  51 003c 0895      		ret
  52               	.L22:
  53 003e 80E8      		ldi r24,lo8(-128)
  54 0040 0895      		ret
  55               	.L19:
  56 0042 82E9      		ldi r24,lo8(-110)
  57 0044 0895      		ret
GAS LISTING /tmp/ccTb1vE8.s 			page 2


  58               	.L20:
  59 0046 82E8      		ldi r24,lo8(-126)
  60 0048 0895      		ret
  61               	.L21:
  62 004a 88EF      		ldi r24,lo8(-8)
  63 004c 0895      		ret
  64               	.L23:
  65 004e 80E9      		ldi r24,lo8(-112)
  66 0050 0895      		ret
  67               		.size	LED_convert, .-LED_convert
  68               	.global	LED_write
  69               		.type	LED_write, @function
  70               	LED_write:
  71 0052 1F93      		push r17
  72 0054 CF93      		push r28
  73 0056 DF93      		push r29
  74               	/* prologue: function */
  75               	/* frame size = 0 */
  76 0058 EC01      		movw r28,r24
  77 005a 15E0      		ldi r17,lo8(5)
  78               	.L25:
  79 005c 8D81      		ldd r24,Y+5
  80 005e 0E94 0000 		call LED_convert
  81 0062 8BBB      		out 59-32,r24
  82 0064 812F      		mov r24,r17
  83 0066 880F      		lsl r24
  84 0068 880F      		lsl r24
  85 006a 880F      		lsl r24
  86 006c 88BB      		out 56-32,r24
  87 006e 1150      		subi r17,lo8(-(-1))
  88 0070 2197      		sbiw r28,1
  89 0072 1123      		tst r17
  90 0074 01F4      		brne .L25
  91               	/* epilogue start */
  92 0076 DF91      		pop r29
  93 0078 CF91      		pop r28
  94 007a 1F91      		pop r17
  95 007c 0895      		ret
  96               		.size	LED_write, .-LED_write
GAS LISTING /tmp/ccTb1vE8.s 			page 3


DEFINED SYMBOLS
                            *ABS*:00000000 led_driver.c
     /tmp/ccTb1vE8.s:2      *ABS*:0000003f __SREG__
     /tmp/ccTb1vE8.s:3      *ABS*:0000003e __SP_H__
     /tmp/ccTb1vE8.s:4      *ABS*:0000003d __SP_L__
     /tmp/ccTb1vE8.s:5      *ABS*:00000034 __CCP__
     /tmp/ccTb1vE8.s:6      *ABS*:00000000 __tmp_reg__
     /tmp/ccTb1vE8.s:7      *ABS*:00000001 __zero_reg__
     /tmp/ccTb1vE8.s:13     .text:00000000 LED_convert
     /tmp/ccTb1vE8.s:70     .text:00000052 LED_write

UNDEFINED SYMBOLS
__do_copy_data
__do_clear_bss
